MGI Marker Accession ID	Marker Symbol	Status	Marker Type	Marker Name	cM position	Chromosome	Genome Coordinate Start	Genome Coordinate End	Strand	GenBank IDs	RefSeq transcript IDs	Ensembl transcript IDs	UniProt IDs	TrEMBL IDs	Ensembl protein IDs	RefSeq protein IDs	UniGene IDs	Feature Type
MGI:1918911	0610005C13Rik	O	Gene	RIKEN cDNA 0610005C13 gene	29.36	7	45217219	45224600	-	AV067918|AI042964|AK002217|AV002644|AI182092|AI413394|AK085337	NR_038165|NR_038166	ENSMUST00000209416|ENSMUST00000209510|ENSMUST00000209910|ENSMUST00000210383|ENSMUST00000210569|ENSMUST00000210623|ENSMUST00000210866|ENSMUST00000210965|ENSMUST00000211209|ENSMUST00000211521|ENSMUST00000211530|ENSMUST00000246035|ENSMUST00000246844|ENSMUST00000247307|ENSMUST00000247360|ENSMUST00000247382|ENSMUST00000342771|ENSMUST00000342772|ENSMUST00000342773|ENSMUST00000342774|ENSMUST00000342775						lncRNA gene
MGI:1923503	0610006L08Rik	O	Gene	RIKEN cDNA 0610006L08 gene	syntenic	7	74468415	74503558	-	AK002255|AV000174	XR_004934286|XR_391624|XR_391626	ENSMUST00000205326|ENSMUST00000206672|ENSMUST00000285970|ENSMUST00000285971|ENSMUST00000285972|ENSMUST00000285973|ENSMUST00000285974|ENSMUST00000285975|ENSMUST00000285976|ENSMUST00000285977|ENSMUST00000285978|ENSMUST00000285979						lncRNA gene
MGI:3698435	0610009E02Rik	O	Gene	RIKEN cDNA 0610009E02 gene	18.9	2	26335936	26349402	+	BC023886|BE332991|AW491191|AK075572	NR_152207|NR_152208|NR_152209	ENSMUST00000133463|ENSMUST00000139144|ENSMUST00000151521|ENSMUST00000246989|ENSMUST00000246990|ENSMUST00000247119|ENSMUST00000322034|ENSMUST00000322035|ENSMUST00000322036|ENSMUST00000322037|ENSMUST00000322038|ENSMUST00000322039|ENSMUST00000322040|ENSMUST00000322041|ENSMUST00000322042|ENSMUST00000322043|ENSMUST00000322044|ENSMUST00000322045|ENSMUST00000322046|ENSMUST00000322047|ENSMUST00000322048|ENSMUST00000322049|ENSMUST00000322050|ENSMUST00000322051						lncRNA gene
MGI:3510328	AF357341	O	Gene	snoRNA AF357341	60.56	12	109647953	109648027	+	AF357341	NR_201183	ENSMUST00000083088						snoRNA gene
MGI:3843219	AF357359	O	Gene	snoRNA AF357359	60.53	12	109617143	109617172	+	AF357359	NR_028434							snoRNA gene
MGI:5439844	AF357399	O	Gene	snoRNA AF357399	syntenic	7	28050965	28051058	+	AF357399	NR_028129	ENSMUST00000104523						snoRNA gene
MGI:3039640	BC049688	O	Gene	cDNA sequence BC049688	syntenic	4	154041047	154041825	-	AK131708|BC049688		ENSMUST00000280500		Q3V2M6				unclassified non-coding RNA gene
MGI:3641953	Duxf5	O	Gene	double homeobox family member 5	29.3	10	58074856	58088524	-	AK039239	XR_001783114			Q8CA97				unclassified non-coding RNA gene
MGI:3648282	Gm10258	O	Gene	predicted gene 10258	13.55	3	30321974	30324096	-	AY512924	XR_880726			Q6R5F8				unclassified non-coding RNA gene
MGI:5451900	Gm22123	O	Gene	predicted gene, 22123	syntenic	11	6422225	6422277	-			ENSMUST00000175144						miRNA gene
MGI:5451957	Gm22180	O	Gene	predicted gene, 22180	syntenic	4	136337117	136337175	-			ENSMUST00000175006						miRNA gene
MGI:5452730	Gm22953	O	Gene	predicted gene, 22953	syntenic	2	121281151	121281251	-			ENSMUST00000116724						miRNA gene
MGI:102491	mt-Ta	O	Gene	mitochondrially encoded tRNA alanine	syntenic	MT	5018	5086	-	FJ374645|FJ374659|FJ374665|FJ374640|EF108334|FJ374653|EF108338|NC_012387|FJ374664|AJ512208|FJ374641|L07095|EF108343|EF108339|FJ374662|FJ374649|FJ374654|FJ374661|FJ374642|J01420|FJ374663|FJ375647|EF108344|FJ374646|FJ374651|FJ374648|AY172335|EF108330|FJ374656|FJ374643|EF108331|FJ374644|FJ374650|EF108340|L07096|EF108345|EF108337|FJ373655|FJ374658|FJ374652|FJ374639|FJ374657|EF108336|V00711|EF108341|EF108335|FJ374660|EF108333|EF108342|EF108332		ENSMUST00000082398						tRNA gene
MGI:102490	mt-Tc	O	Gene	mitochondrially encoded tRNA cysteine	syntenic	MT	5192	5257	-	FJ374661|FJ374641|FJ374640|FJ374646|EF108331|FJ374653|FJ374642|FJ375647|FJ374656|EF108340|EF108338|FJ374648|FJ374652|L07096|AJ512208|FJ374663|EF108333|FJ374665|FJ374645|FJ374659|FJ374657|FJ374658|V00711|FJ374644|FJ374660|FJ374664|FJ374639|AY172335|EF108341|FJ374651|EF108345|FJ374650|J01420|EF108335|EF108334|EF108336|EF108342|NC_012387|FJ374654|EF108337|FJ374662|EF108343|EF108330|FJ374643|FJ374649|L07095|EF108344|EF108339|FJ373655|EF108332		ENSMUST00000082400						tRNA gene
MGI:102489	mt-Td	O	Gene	mitochondrially encoded tRNA aspartic acid	syntenic	MT	6942	7011	+	FJ373655|AY172335|FJ374641|FJ374646|EF108330|FJ374643|EF108337|FJ374654|EF108332|FJ374653|FJ374650|FJ374652|FJ374659|FJ374656|EF108333|EF108344|J01420|NC_012387|EF108331|EF108340|FJ374658|EF108338|FJ374662|FJ374661|FJ374649|EF108341|EF108335|FJ374642|FJ374651|EF108342|FJ374648|L07095|FJ375647|FJ374665|FJ374657|EF108339|FJ374639|FJ374640|EF108345|L07096|FJ374644|EF108336|AJ512208|EF108343|V00711|FJ374663|FJ374660|EF108334|FJ374664|FJ374645		ENSMUST00000082404						tRNA gene
MGI:1934664	Rpph1	O	Gene	ribonuclease P RNA component H1	26.25	14	51044906	51045224	-	AF191547|L08802	NR_002142	ENSMUST00000175096						RNase P RNA gene
MGI:105105	Rprl1	O	Gene	ribonuclease P RNA-like 1	31.46	6	69303921	69304158	-	U31003	NG_005612|NR_004434	ENSMUST00000158050|ENSMUST00000198476						RNase P RNA gene
MGI:105104	Rprl2	O	Gene	ribonuclease P RNA-like 2	7.58	3	22305534	22305771	+	U31227	NR_004439	ENSMUST00000157150						RNase P RNA gene
MGI:109558	Terc	O	Gene	telomerase RNA component	41.82	3	96321753	96322149	-	AF047387|AK085092	NR_001579	ENSMUST00000238714|ENSMUST00020182639						telomerase RNA gene
MGI:1915614	0610030E20Rik	O	Gene	RIKEN cDNA 0610030E20 gene	32.27	6	72324300	72330131	+	BC066053|AI461894|AK085662|AA619301|AK013079|DQ710965|AK002701|BE553868|BC117811|BC117812|BE945833|BC064080|AV031869|BB844069	XM_006506534|XM_132614	ENSMUST00000077783|ENSMUST00000204152|ENSMUST00000205472|ENSMUST00000205578	Q149G0		ENSMUSP00000076957	NP_080972|XP_006506597		protein coding gene
MGI:1915066	1110002E22Rik	O	Gene	RIKEN cDNA 1110002E22 gene	64.05	3	137770813	137787267	+	AI415341|AK009907|AK003290|BE991102|BB099116	NM_001370862|XM_030252339	ENSMUST00000163080|ENSMUST00000184925	E0CYV9		ENSMUSP00000123851	NP_001357791|XP_030108199		protein coding gene
MGI:3045362	1600029O15Rik	O	Pseudogene	RIKEN cDNA 1600029O15 gene	31.63	9	58115321	58115837	+	AK005564	NR_033522	ENSMUST00000178259		Q9DAS6				pseudogene
MGI:1919474	1700001J11Rik	O	Pseudogene	RIKEN cDNA 1700001J11 gene	syntenic	9	39961854	39964321	+	AK005601	NR_033613	ENSMUST00000185917		A0ABJ3HP09	ENSMUSP00000160215			pseudogene
MGI:6888398	Rr1003	O	Other Genome Feature	regulatory region 1003	syntenic	12	111109172	111110047	+		NG_054123							enhancer
MGI:6888399	Rr1004	O	Other Genome Feature	regulatory region 1004	syntenic	3	137488980	137492198	+		NG_054121							enhancer
MGI:1925547	0610008J02Rik	O	Gene	RIKEN cDNA 0610008J02 gene	N/A	UN				AK018729								lncRNA gene
